--------- beginning of system
09-12 22:25:43.664 W/ActivityTaskManager( 7319): callingPackage for (uid=2000, pid=23014) has no WPC
--------- beginning of main
09-12 22:25:43.665 V/GrammaticalInflectionUtils( 7319): AttributionSource: android.content.AttributionSource@4916233a does not have READ_SYSTEM_GRAMMATICAL_GENDER permission.
09-12 22:25:43.665 W/OptProp ( 7319): Cannot read opt property android.window.PROPERTY_COMPAT_ALLOW_USER_ASPECT_RATIO_OVERRIDE
09-12 22:25:43.665 W/OptProp ( 7319): Cannot read opt property android.window.PROPERTY_COMPAT_ALLOW_USER_ASPECT_RATIO_FULLSCREEN_OVERRIDE
09-12 22:25:43.665 W/OptProp ( 7319): Cannot read opt property android.window.PROPERTY_COMPAT_ALLOW_RESIZEABLE_ACTIVITY_OVERRIDES
09-12 22:25:43.665 W/OptProp ( 7319): Cannot read opt property android.window.PROPERTY_COMPAT_ALLOW_MIN_ASPECT_RATIO_OVERRIDE
09-12 22:25:43.670 W/OptProp ( 7319): Cannot read opt property android.window.PROPERTY_COMPAT_ALLOW_ORIENTATION_OVERRIDE
09-12 22:25:43.673 I/BpBinder(  507): onLastStrongRef automatically unlinking death recipients: 
09-12 22:25:43.688 V/WindowManagerShell(11755): Transition requested (#176): android.os.BinderProxy@79b1756 TransitionRequestInfo { type = OPEN, triggerTask = TaskInfo{userId=0 taskId=159 effectiveUid=10222 displayId=0 isRunning=true baseIntent=Intent { act=android.intent.action.VIEW dat=exp+buildvault://expo-development-client/... flg=0x10000000 cmp=com.edydhm.buildvault/.MainActivity } baseActivity=ComponentInfo{com.edydhm.buildvault/com.edydhm.buildvault.MainActivity} topActivity=ComponentInfo{com.edydhm.buildvault/com.edydhm.buildvault.MainActivity} origActivity=null realActivity=ComponentInfo{com.edydhm.buildvault/com.edydhm.buildvault.MainActivity} numActivities=1 lastActiveTime=24887416 supportsMultiWindow=true resizeMode=1 isResizeable=true minWidth=-1 minHeight=-1 defaultMinSize=220 token=WCT{android.window.IWindowContainerToken$Stub$Proxy@a953d7} topActivityType=1 pictureInPictureParams=null shouldDockBigOverlays=false launchIntoPipHostTaskId=-1 lastParentTaskIdBeforePip=-1 displayCutoutSafeInsets=Rect(0, 0 - 0, 0) topActivityInfo=ActivityInfo{eee64c4 com.edydhm.buildvault.MainActivity} launchCookies=[] positionInParent=Point(0, 0) parentTaskId=-1 isFocused=false isVisible=false isVisibleRequested=false isTopActivityNoDisplay=false isSleeping=false locusId=null displayAreaFeatureId=1 isTopActivityTransparent=false isActivityStackTransparent=false lastNonFullscreenBounds=Rect(261, 570 - 819, 1650) capturedLink=null capturedLinkTimestamp=0 requestedVisibleTypes=-9 topActivityRequestOpenInBrowserEducationTimestamp=0 appCompatTaskInfo=AppCompatTaskInfo { topActivityInSizeCompat=false eligibleForLetterboxEducation= false isLetterboxEducationEnabled= true isLetterboxDoubleTapEnabled= false eligibleForUserAspectRatioButton= false topActivityBoundsLetterboxed= false isFromLetterboxDoubleTap= false topActivityLetterboxVerticalPosition= -1 topActivityLetterboxHorizontalPosition= -1 topActivityLetterboxWidth=-1 topActivityLetterboxHeight=-1 topActivityAppBounds=Rect(0, 0 - 1080, 2220) isUserFullscreenOverrideEnabled=false isSystemFullscreenOverrideEnabled=false hasMinAspectRatioOverride=false topActivityLetterboxBounds=null cameraCompatTaskInfo=CameraCompatTaskInfo { freeformCameraCompatMode=inactive}} topActivityMainWindowFrame=null}, pipChange = null, remoteTransition = null, displayChange = null, flags = 0, debugId = 176 }
09-12 22:25:43.688 D/ShellSplitScreen(11755): logExit: no-op, mLoggerSessionId is null
09-12 22:25:43.690 I/ActivityTaskManager( 7319): START u0 {act=android.intent.action.VIEW dat=exp+buildvault://expo-development-client/... flg=0x10000000 xflg=0x4 cmp=com.edydhm.buildvault/.MainActivity} with LAUNCH_SINGLE_TASK from uid 2000 (BAL_ALLOW_PERMISSION) result code=0
09-12 22:25:43.692 W/IPCThreadState( 6961): Sending oneway calls to frozen process.
09-12 22:25:43.692 W/IPCThreadState( 6961): Sending oneway calls to frozen process.
09-12 22:25:43.692 W/IPCThreadState( 6961): Sending oneway calls to frozen process.
09-12 22:25:43.692 W/HWUI    (11755): Image decoding logging dropped!
09-12 22:25:43.693 W/IPCThreadState( 6961): Sending oneway calls to frozen process.
09-12 22:25:43.700 V/GrammaticalInflectionUtils( 7319): AttributionSource: android.content.AttributionSource@4916233a does not have READ_SYSTEM_GRAMMATICAL_GENDER permission.
09-12 22:25:43.700 W/SplitSelectStateCtor( 9232): Missing session instanceIds
09-12 22:25:43.700 D/StatsLog( 9232): LAUNCHER_SPLIT_SELECTION_EXIT_INTERRUPTED
09-12 22:25:43.702 D/WindowManagerShell(11755): setLauncherKeepClearAreaHeight: visible=false, height=480
09-12 22:25:43.704 W/IPCThreadState( 7319): Sending oneway calls to frozen process.
09-12 22:25:43.704 W/IPCThreadState( 7319): Sending oneway calls to frozen process.
09-12 22:25:43.704 W/IPCThreadState( 7319): Sending oneway calls to frozen process.
09-12 22:25:43.704 W/IPCThreadState( 7319): Sending oneway calls to frozen process.
09-12 22:25:43.704 D/BackgroundInstallControlService( 7319): Package event received: 0
09-12 22:25:43.704 W/IPCThreadState( 7319): Sending oneway calls to frozen process.
09-12 22:25:43.704 W/IPCThreadState( 7319): Sending oneway calls to frozen process.
09-12 22:25:43.704 W/IPCThreadState( 7319): Sending oneway calls to frozen process.
09-12 22:25:43.704 W/IPCThreadState( 7319): Sending oneway calls to frozen process.
09-12 22:25:43.704 W/IPCThreadState( 7319): Sending oneway calls to frozen process.
09-12 22:25:43.704 W/IPCThreadState( 7319): Sending oneway calls to frozen process.
09-12 22:25:43.704 W/IPCThreadState( 7319): Sending oneway calls to frozen process.
09-12 22:25:43.704 W/IPCThreadState( 7319): Sending oneway calls to frozen process.
09-12 22:25:43.704 W/IPCThreadState( 7319): Sending oneway calls to frozen process.
09-12 22:25:43.704 W/IPCThreadState( 7319): Sending oneway calls to frozen process.
09-12 22:25:43.704 W/IPCThreadState( 7319): Sending oneway calls to frozen process.
09-12 22:25:43.704 W/IPCThreadState( 7319): Sending oneway calls to frozen process.
09-12 22:25:43.704 W/IPCThreadState( 7319): Sending oneway calls to frozen process.
09-12 22:25:43.704 W/IPCThreadState( 7319): Sending oneway calls to frozen process.
09-12 22:25:43.704 W/IPCThreadState( 7319): Sending oneway calls to frozen process.
09-12 22:25:43.704 W/IPCThreadState( 7319): Sending oneway calls to frozen process.
09-12 22:25:43.704 W/IPCThreadState( 7319): Sending oneway calls to frozen process.
09-12 22:25:43.705 W/IPCThreadState( 7319): Sending oneway calls to frozen process.
09-12 22:25:43.705 W/IPCThreadState( 7319): Sending oneway calls to frozen process.
09-12 22:25:43.705 W/IPCThreadState( 7319): Sending oneway calls to frozen process.
09-12 22:25:43.705 W/IPCThreadState( 7319): Sending oneway calls to frozen process.
09-12 22:25:43.705 W/IPCThreadState( 7319): Sending oneway calls to frozen process.
09-12 22:25:43.705 W/IPCThreadState( 7319): Sending oneway calls to frozen process.
09-12 22:25:43.705 W/IPCThreadState( 7319): Sending oneway calls to frozen process.
09-12 22:25:43.705 W/IPCThreadState( 7319): Sending oneway calls to frozen process.
09-12 22:25:43.705 W/ProcessStats( 7319): Tracking association SourceState{4bd2498 system/1000 BFgs #7567} whose proc state 4 is better than process ProcessState{111edb7 com.google.android.ext.services/10203 pkg=com.google.android.ext.services} proc state 14 (1 skipped)
09-12 22:25:43.706 I/BpBinder(  507): onLastStrongRef automatically unlinking death recipients: 
09-12 22:25:43.710 D/CoreBackPreview( 7319): Window{a5992c5 u0 Splash Screen com.edydhm.buildvault}: Setting back callback OnBackInvokedCallbackInfo{mCallback=android.window.IOnBackInvokedCallback$Stub$Proxy@cc59641, mPriority=0, mIsAnimationCallback=false, mOverrideBehavior=0}
09-12 22:25:43.711 D/Zygote  ( 6959): Forked child process 23017
09-12 22:25:43.712 I/ActivityManager( 7319): Start proc 23017:com.edydhm.buildvault/u0a222 for next-top-activity {com.edydhm.buildvault/com.edydhm.buildvault.MainActivity}
09-12 22:25:43.712 I/ActivityManager( 7319): ProcessObserver broadcast disabled
09-12 22:25:43.714 I/ydhm.buildvault(23017): Late-enabling -Xcheck:jni
09-12 22:25:43.718 V/WindowManager( 7319): Sent Transition (#176) createdAt=09-12 22:25:43.665 via request=TransitionRequestInfo { type = OPEN, triggerTask = TaskInfo{userId=0 taskId=159 effectiveUid=10222 displayId=0 isRunning=true baseIntent=Intent { act=android.intent.action.VIEW dat=exp+buildvault://expo-development-client/... flg=0x10000000 cmp=com.edydhm.buildvault/.MainActivity } baseActivity=ComponentInfo{com.edydhm.buildvault/com.edydhm.buildvault.MainActivity} topActivity=ComponentInfo{com.edydhm.buildvault/com.edydhm.buildvault.MainActivity} origActivity=null realActivity=ComponentInfo{com.edydhm.buildvault/com.edydhm.buildvault.MainActivity} numActivities=1 lastActiveTime=24887416 supportsMultiWindow=true resizeMode=1 isResizeable=true minWidth=-1 minHeight=-1 defaultMinSize=220 token=WCT{RemoteToken{73a58c3 Task{fc80f09 #159 type=standard A=10222:com.edydhm.buildvault}}} topActivityType=1 pictureInPictureParams=null shouldDockBigOverlays=false launchIntoPipHostTaskId=-1 lastParentTaskIdBeforePip=-1 displayCutoutSafeInsets=Rect(0, 0 - 0, 0) topActivityInfo=ActivityInfo{4b56540 com.edydhm.buildvault.MainActivity} launchCookies=[] positionInParent=Point(0, 0) parentTaskId=-1 isFocused=false isVisible=false isVisibleRequested=false isTopActivityNoDisplay=false isSleeping=false locusId=null displayAreaFeatureId=1 isTopActivityTransparent=false isActivityStackTransparent=false lastNonFullscreenBounds=Rect(261, 570 - 819, 1650) capturedLink=null capturedLinkTimestamp=0 requestedVisibleTypes=-9 topActivityRequestOpenInBrowserEducationTimestamp=0 appCompatTaskInfo=AppCompatTaskInfo { topActivityInSizeCompat=false eligibleForLetterboxEducation= false isLetterboxEducationEnabled= true isLetterboxDoubleTapEnabled= false eligibleForUserAspectRatioButton= false topActivityBoundsLetterboxed= false isFromLetterboxDoubleTap= false topActivityLetterboxVerticalPosition= -1 topActivityLetterboxHorizontalPosition= -1 topActivityLetterboxWidth=-1 topActivityLetterboxHeight=-1 topActivityAppBounds=Rect(0, 0 - 1080, 2220) isUserFullscreenOverrideEnabled=false isSystemFullscreenOverrideEnabled=false hasMinAspectRatioOverride=false topActivityLetterboxBounds=null cameraCompatTaskInfo=CameraCompatTaskInfo { freeformCameraCompatMode=inactive}} topActivityMainWindowFrame=null}, pipChange = null, remoteTransition = null, displayChange = null, flags = 0, debugId = 176 }
09-12 22:25:43.718 V/WindowManager( 7319):     startWCT=WindowContainerTransaction { changes= {} hops= [] errorCallbackToken=null taskFragmentOrganizer=null }
09-12 22:25:43.718 V/WindowManager( 7319):     info={id=176 t=OPEN f=0x0 trk=0 r=[0@Point(0, 0)] c=[
09-12 22:25:43.718 V/WindowManager( 7319):         {WCT{RemoteToken{73a58c3 Task{fc80f09 #159 type=standard A=10222:com.edydhm.buildvault}}} m=OPEN f=NONE leash=Surface(name=Task=159)/@0x46bd127 sb=Rect(0, 0 - 1080, 2220) eb=Rect(0, 0 - 1080, 2220) epz=Point(1080, 2220) d=0 taskParent=-1},
09-12 22:25:43.718 V/WindowManager( 7319):         {WCT{RemoteToken{d2cb46f Task{572d04c #1 type=home}}} m=TO_BACK f=SHOW_WALLPAPER leash=Surface(name=Task=1)/@0xd949f3a sb=Rect(0, 0 - 1080, 2220) eb=Rect(0, 0 - 1080, 2220) epz=Point(1080, 2220) d=0 taskParent=-1},
09-12 22:25:43.718 V/WindowManager( 7319):         {m=TO_BACK f=IS_WALLPAPER leash=Surface(name=WallpaperWindowToken{2cb3035 showWhenLocked=false})/@0x4fbade4 sb=Rect(0, 0 - 1080, 2220) eb=Rect(0, 0 - 1080, 2220) epz=Point(1080, 2220) d=0}
09-12 22:25:43.718 V/WindowManager( 7319):     ]}
09-12 22:25:43.718 V/WindowManagerShell(11755): onTransitionReady(transaction=31434865645230)
09-12 22:25:43.719 V/WindowManagerShell(11755): onTransitionReady (#176) android.os.BinderProxy@79b1756: {id=176 t=OPEN f=0x0 trk=0 r=[0@Point(0, 0)] c=[
09-12 22:25:43.719 V/WindowManagerShell(11755):         {m=OPEN f=NONE leash=Surface(name=Task=159)/@0x2460206 sb=Rect(0, 0 - 1080, 2220) eb=Rect(0, 0 - 1080, 2220) epz=Point(1080, 2220) d=0 taskParent=-1},
09-12 22:25:43.719 V/WindowManagerShell(11755):         {m=TO_BACK f=SHOW_WALLPAPER leash=Surface(name=Task=1)/@0x310e0c7 sb=Rect(0, 0 - 1080, 2220) eb=Rect(0, 0 - 1080, 2220) epz=Point(1080, 2220) d=0 taskParent=-1},
09-12 22:25:43.719 V/WindowManagerShell(11755):         {m=TO_BACK f=IS_WALLPAPER leash=Surface(name=WallpaperWindowToken{2cb3035 showWhenLocked=false})/@0x39686f4 sb=Rect(0, 0 - 1080, 2220) eb=Rect(0, 0 - 1080, 2220) epz=Point(1080, 2220) d=0}
09-12 22:25:43.719 V/WindowManagerShell(11755):     ]}
09-12 22:25:43.719 V/WindowManagerShell(11755): Playing animation for (#176) android.os.BinderProxy@79b1756@0
09-12 22:25:43.719 V/ShellRecents(11755): RecentsTransitionHandler.startAnimation: no controller found
09-12 22:25:43.719 V/WindowManagerShell(11755): Transition doesn't have explicit remote, search filters for match for {id=176 t=OPEN f=0x0 trk=0 r=[0@Point(0, 0)] c=[{m=OPEN f=NONE leash=Surface(name=Task=159)/@0x2460206 sb=Rect(0, 0 - 1080, 2220) eb=Rect(0, 0 - 1080, 2220) epz=Point(1080, 2220) d=0 taskParent=-1},{m=TO_BACK f=SHOW_WALLPAPER leash=Surface(name=Task=1)/@0x310e0c7 sb=Rect(0, 0 - 1080, 2220) eb=Rect(0, 0 - 1080, 2220) epz=Point(1080, 2220) d=0 taskParent=-1},{m=TO_BACK f=IS_WALLPAPER leash=Surface(name=WallpaperWindowToken{2cb3035 showWhenLocked=false})/@0x39686f4 sb=Rect(0, 0 - 1080, 2220) eb=Rect(0, 0 - 1080, 2220) epz=Point(1080, 2220) d=0}]}
09-12 22:25:43.719 V/WindowManagerShell(11755):  Checking filter Pair{{types=[] flags=0x0] notFlags=0x0 checks=[{atype=undefined independent=true modes=[CLOSE,TO_BACK] flags=IN_TASK_WITH_EMBEDDED_ACTIVITY mustBeTask=false order=ANY topActivity=null launchCookie=null taskFragmentToken=android.os.BinderProxy@f8b01a8 windowingMode=undefined}]} RemoteTransition { remoteTransition = android.window.IRemoteTransition$Stub$Proxy@8a114c1, appThread = android.app.IApplicationThread$Stub$Proxy@f2ed466, debugName = overlayBackTransition }}
09-12 22:25:43.719 V/WindowManagerShell(11755):  Checking filter Pair{{types=[] flags=0x0] notFlags=0x0 checks=[{atype=dream independent=true modes=[OPEN,TO_FRONT] flags=NONE mustBeTask=false order=ANY topActivity=null launchCookie=null windowingMode=undefined},{atype=home independent=true modes=[CLOSE,TO_BACK] flags=NONE mustBeTask=false order=ANY topActivity=null launchCookie=null windowingMode=undefined}]} RemoteTransition { remoteTransition = android.window.IRemoteTransition$Stub$Proxy@88bb3a7, appThread = android.app.IApplicationThread$Stub$Proxy@e629054, debugName = LauncherToDream }}
09-12 22:25:43.719 V/WindowManagerShell(11755):  Checking filter Pair{{types=[] flags=0x0] notFlags=0x100 checks=[{atype=home independent=true modes=[OPEN,TO_FRONT] flags=NONE mustBeTask=false order=TOP topActivity=ComponentInfo{com.google.android.apps.nexuslauncher/com.google.android.apps.nexuslauncher.NexusLauncherActivity} launchCookie=null windowingMode=undefined},{atype=standard independent=true modes=[CLOSE,TO_BACK] flags=NONE mustBeTask=false order=ANY topActivity=null launchCookie=null windowingMode=undefined},{NOT atype=undefined independent=true modes=[] flags=NONE mustBeTask=true order=ANY topActivity=null launchCookie=null customAnim=true windowingMode=undefined}]} RemoteTransition { remoteTransition = android.window.IRemoteTransition$Stub$Proxy@ce93bfd, appThread = android.app.IApplicationThread$Stub$Proxy@243d0f2, debugName = QuickstepLaunchHome }}
09-12 22:25:43.719 V/WindowManagerShell(11755):  Delegate animation for (#176) to null
09-12 22:25:43.719 V/WindowManagerShell(11755): start default transition animation, info = {id=176 t=OPEN f=0x0 trk=0 r=[0@Point(0, 0)] c=[{m=OPEN f=NONE leash=Surface(name=Task=159)/@0x2460206 sb=Rect(0, 0 - 1080, 2220) eb=Rect(0, 0 - 1080, 2220) epz=Point(1080, 2220) d=0 taskParent=-1},{m=TO_BACK f=SHOW_WALLPAPER leash=Surface(name=Task=1)/@0x310e0c7 sb=Rect(0, 0 - 1080, 2220) eb=Rect(0, 0 - 1080, 2220) epz=Point(1080, 2220) d=0 taskParent=-1},{m=TO_BACK f=IS_WALLPAPER leash=Surface(name=WallpaperWindowToken{2cb3035 showWhenLocked=false})/@0x39686f4 sb=Rect(0, 0 - 1080, 2220) eb=Rect(0, 0 - 1080, 2220) epz=Point(1080, 2220) d=0}]}
09-12 22:25:43.719 V/WindowManagerShell(11755): loadAnimation: anim=android.view.animation.AnimationSet@b0c263 animAttr=0x13 type=OPEN isEntrance=false
09-12 22:25:43.720 V/WindowManagerShell(11755): loadAnimation: anim=android.view.animation.AnimationSet@ae321bf animAttr=0x12 type=OPEN isEntrance=true
09-12 22:25:43.720 V/WindowManagerShell(11755):  animated by com.android.wm.shell.transition.DefaultTransitionHandler@14165b9
09-12 22:25:43.725 I/ydhm.buildvault(23017): Using CollectorTypeCMC GC.
09-12 22:25:43.727 I/adbd    (  510): jdwp connection from 23017
09-12 22:25:43.731 D/nativeloader(23017): Load libframework-connectivity-tiramisu-jni.so using APEX ns com_android_tethering for caller /apex/com.android.tethering/javalib/framework-connectivity-t.jar: ok
09-12 22:25:43.738 D/BackgroundInstallControlService( 7319): Package event received: 0
09-12 22:25:43.743 D/nativeloader(23017): Load libstats_jni.so using APEX ns com_android_os_statsd for caller /apex/com.android.os.statsd/javalib/framework-statsd.jar: ok
09-12 22:25:43.756 E/SurfaceFlinger(  507): Out of order buffers detected for RequestedLayerState{com.google.android.apps.nexuslauncher/com.google.android.apps.nexuslauncher.NexusLauncherActivity#1954 parentId=508} producedId=46 frameNumber=167 -> producedId=46 frameNumber=19
09-12 22:25:43.772 E/SurfaceFlinger(  507): Out of order buffers detected for RequestedLayerState{com.google.android.apps.nexuslauncher/com.google.android.apps.nexuslauncher.NexusLauncherActivity#1954 parentId=508} producedId=46 frameNumber=167 -> producedId=46 frameNumber=20
09-12 22:25:43.789 E/SurfaceFlinger(  507): Out of order buffers detected for RequestedLayerState{com.google.android.apps.nexuslauncher/com.google.android.apps.nexuslauncher.NexusLauncherActivity#1954 parentId=508} producedId=46 frameNumber=167 -> producedId=46 frameNumber=21
09-12 22:25:43.806 E/SurfaceFlinger(  507): Out of order buffers detected for RequestedLayerState{com.google.android.apps.nexuslauncher/com.google.android.apps.nexuslauncher.NexusLauncherActivity#1954 parentId=508} producedId=46 frameNumber=167 -> producedId=46 frameNumber=22
09-12 22:25:43.823 E/SurfaceFlinger(  507): Out of order buffers detected for RequestedLayerState{com.google.android.apps.nexuslauncher/com.google.android.apps.nexuslauncher.NexusLauncherActivity#1954 parentId=508} producedId=46 frameNumber=167 -> producedId=46 frameNumber=23
09-12 22:25:43.839 E/SurfaceFlinger(  507): Out of order buffers detected for RequestedLayerState{com.google.android.apps.nexuslauncher/com.google.android.apps.nexuslauncher.NexusLauncherActivity#1954 parentId=508} producedId=46 frameNumber=167 -> producedId=46 frameNumber=24
09-12 22:25:43.856 E/SurfaceFlinger(  507): Out of order buffers detected for RequestedLayerState{com.google.android.apps.nexuslauncher/com.google.android.apps.nexuslauncher.NexusLauncherActivity#1954 parentId=508} producedId=46 frameNumber=167 -> producedId=46 frameNumber=25
09-12 22:25:44.007 V/WindowManagerShell(11755): Transition animation finished (aborted=false), notifying core (#176) android.os.BinderProxy@79b1756@0
09-12 22:25:44.009 V/WindowManager( 7319): Finish Transition (#176): created at 09-12 22:25:43.665 collect-started=0.066ms request-sent=18.061ms started=31.317ms ready=51.759ms sent=52.266ms commit=5.54ms finished=342.305ms
09-12 22:25:44.009 D/VRI[NexusLauncherActivity]( 9232): visibilityChanged oldVisibility=true newVisibility=false
09-12 22:25:44.010 V/WindowManagerShell(11755): Track 0 became idle
09-12 22:25:44.010 V/WindowManagerShell(11755): All active transition animations finished
09-12 22:25:44.023 D/NexusLauncherModelDelegate( 9232): notifySmartspaceEvent: SmartspaceTargetEvent{mSmartspaceTarget=null, mSmartspaceActionId='null', mEventType=7}
09-12 22:25:44.074 D/nativeloader(23017): Configuring clns-9 for other apk /data/app/~~X8vJXYEQw4AXVjwmiCgkKw==/com.edydhm.buildvault-614W-BLLIyAGSBijAV7plQ==/base.apk. target_sdk_version=36, uses_libraries=, library_path=/data/app/~~X8vJXYEQw4AXVjwmiCgkKw==/com.edydhm.buildvault-614W-BLLIyAGSBijAV7plQ==/lib/arm64:/data/app/~~X8vJXYEQw4AXVjwmiCgkKw==/com.edydhm.buildvault-614W-BLLIyAGSBijAV7plQ==/base.apk!/lib/arm64-v8a, permitted_path=/data:/mnt/expand:/data/user/0/com.edydhm.buildvault
09-12 22:25:44.078 I/ydhm.buildvault(23017): AssetManager2(0xb4000079bd86e838) locale list changing from [] to [en-US]
09-12 22:25:44.080 V/GraphicsEnvironment(23017): Currently set values for:
09-12 22:25:44.080 V/GraphicsEnvironment(23017):   angle_gl_driver_selection_pkgs=[]
09-12 22:25:44.080 V/GraphicsEnvironment(23017):   angle_gl_driver_selection_values=[]
09-12 22:25:44.080 V/GraphicsEnvironment(23017): com.edydhm.buildvault is not listed in per-application setting
09-12 22:25:44.080 V/GraphicsEnvironment(23017): ANGLE allowlist from config: com.dreamgames.royalmatch com.dts.freefiremax com.dxx.firenow com.gramgames.mergedragons com.ludo.king com.mojang.minecraftpe com.my.defense com.nintendo.zaka com.os.airforce com.playrix.fishdomdd.gplay io.teslatech.callbreak jp.konami.prospia net.peakgames.toonblast
09-12 22:25:44.081 V/GraphicsEnvironment(23017): com.edydhm.buildvault is not listed in ANGLE allowlist or settings, returning default
09-12 22:25:44.081 V/GraphicsEnvironment(23017): Neither updatable production driver nor prerelease driver is supported.
09-12 22:25:44.116 D/AndroidRuntime(23017): Shutting down VM
--------- beginning of crash
09-12 22:25:44.117 E/AndroidRuntime(23017): FATAL EXCEPTION: main
09-12 22:25:44.117 E/AndroidRuntime(23017): Process: com.edydhm.buildvault, PID: 23017
09-12 22:25:44.117 E/AndroidRuntime(23017): java.lang.RuntimeException: Unable to get provider expo.modules.filesystem.FileSystemFileProvider: java.lang.ClassNotFoundException: Didn't find class "expo.modules.filesystem.FileSystemFileProvider" on path: DexPathList[[zip file "/data/app/~~X8vJXYEQw4AXVjwmiCgkKw==/com.edydhm.buildvault-614W-BLLIyAGSBijAV7plQ==/base.apk"],nativeLibraryDirectories=[/data/app/~~X8vJXYEQw4AXVjwmiCgkKw==/com.edydhm.buildvault-614W-BLLIyAGSBijAV7plQ==/lib/arm64, /data/app/~~X8vJXYEQw4AXVjwmiCgkKw==/com.edydhm.buildvault-614W-BLLIyAGSBijAV7plQ==/base.apk!/lib/arm64-v8a, /system/lib64, /system_ext/lib64]]
09-12 22:25:44.117 E/AndroidRuntime(23017): 	at android.app.ActivityThread.installProvider(ActivityThread.java:8647)
09-12 22:25:44.117 E/AndroidRuntime(23017): 	at android.app.ActivityThread.installContentProviders(ActivityThread.java:8157)
09-12 22:25:44.117 E/AndroidRuntime(23017): 	at android.app.ActivityThread.handleBindApplication(ActivityThread.java:7814)
09-12 22:25:44.117 E/AndroidRuntime(23017): 	at android.app.ActivityThread.-$$Nest$mhandleBindApplication(Unknown Source:0)
09-12 22:25:44.117 E/AndroidRuntime(23017): 	at android.app.ActivityThread$H.handleMessage(ActivityThread.java:2546)
09-12 22:25:44.117 E/AndroidRuntime(23017): 	at android.os.Handler.dispatchMessage(Handler.java:110)
09-12 22:25:44.117 E/AndroidRuntime(23017): 	at android.os.Looper.loopOnce(Looper.java:248)
09-12 22:25:44.117 E/AndroidRuntime(23017): 	at android.os.Looper.loop(Looper.java:338)
09-12 22:25:44.117 E/AndroidRuntime(23017): 	at android.app.ActivityThread.main(ActivityThread.java:9067)
09-12 22:25:44.117 E/AndroidRuntime(23017): 	at java.lang.reflect.Method.invoke(Native Method)
09-12 22:25:44.117 E/AndroidRuntime(23017): 	at com.android.internal.os.RuntimeInit$MethodAndArgsCaller.run(RuntimeInit.java:593)
09-12 22:25:44.117 E/AndroidRuntime(23017): 	at com.android.internal.os.ZygoteInit.main(ZygoteInit.java:932)
09-12 22:25:44.117 E/AndroidRuntime(23017): Caused by: java.lang.ClassNotFoundException: Didn't find class "expo.modules.filesystem.FileSystemFileProvider" on path: DexPathList[[zip file "/data/app/~~X8vJXYEQw4AXVjwmiCgkKw==/com.edydhm.buildvault-614W-BLLIyAGSBijAV7plQ==/base.apk"],nativeLibraryDirectories=[/data/app/~~X8vJXYEQw4AXVjwmiCgkKw==/com.edydhm.buildvault-614W-BLLIyAGSBijAV7plQ==/lib/arm64, /data/app/~~X8vJXYEQw4AXVjwmiCgkKw==/com.edydhm.buildvault-614W-BLLIyAGSBijAV7plQ==/base.apk!/lib/arm64-v8a, /system/lib64, /system_ext/lib64]]
09-12 22:25:44.117 E/AndroidRuntime(23017): 	at dalvik.system.BaseDexClassLoader.findClass(BaseDexClassLoader.java:259)
09-12 22:25:44.117 E/AndroidRuntime(23017): 	at java.lang.ClassLoader.loadClass(ClassLoader.java:637)
09-12 22:25:44.117 E/AndroidRuntime(23017): 	at java.lang.ClassLoader.loadClass(ClassLoader.java:573)
09-12 22:25:44.117 E/AndroidRuntime(23017): 	at android.app.AppComponentFactory.instantiateProvider(AppComponentFactory.java:147)
09-12 22:25:44.117 E/AndroidRuntime(23017): 	at androidx.core.app.CoreComponentFactory.instantiateProvider(CoreComponentFactory.java:66)
09-12 22:25:44.117 E/AndroidRuntime(23017): 	at android.app.ActivityThread.installProvider(ActivityThread.java:8631)
09-12 22:25:44.117 E/AndroidRuntime(23017): 	... 11 more
09-12 22:25:44.119 I/DropBoxManagerService( 7319): add tag=data_app_crash isTagEnabled=true flags=0x2
09-12 22:25:44.120 I/Process (23017): Sending signal. PID: 23017 SIG: 9
09-12 22:25:44.126 I/adbd    (  510): Remote process closed the socket (on MSG_PEEK)
09-12 22:25:44.126 I/Zygote  ( 6959): Process 23017 exited due to signal 9 (Killed)
09-12 22:25:44.126 I/ActivityManager( 7319): Process com.edydhm.buildvault (pid 23017) has died: fg  TOP 
09-12 22:25:44.126 W/ActivityTaskManager( 7319): ProcessRecord{f8dcb4b 23017:com.edydhm.buildvault/u0a222} is removed with pending start ActivityRecord{129226768 u0 com.edydhm.buildvault/.MainActivity t159}
09-12 22:25:44.127 I/libprocessgroup( 7319): Removed cgroup /sys/fs/cgroup/apps/uid_10222/pid_23017
09-12 22:25:44.127 V/WindowManagerShell(11755): Transition requested (#177): android.os.BinderProxy@6a6d851 TransitionRequestInfo { type = CLOSE, triggerTask = TaskInfo{userId=0 taskId=159 effectiveUid=10222 displayId=0 isRunning=false baseIntent=Intent { act=android.intent.action.VIEW dat=exp+buildvault://expo-development-client/... flg=0x10000000 cmp=com.edydhm.buildvault/.MainActivity } baseActivity=null topActivity=null origActivity=null realActivity=ComponentInfo{com.edydhm.buildvault/com.edydhm.buildvault.MainActivity} numActivities=0 lastActiveTime=24887416 supportsMultiWindow=true resizeMode=1 isResizeable=true minWidth=-1 minHeight=-1 defaultMinSize=220 token=WCT{android.window.IWindowContainerToken$Stub$Proxy@a98f8b6} topActivityType=1 pictureInPictureParams=null shouldDockBigOverlays=false launchIntoPipHostTaskId=-1 lastParentTaskIdBeforePip=-1 displayCutoutSafeInsets=Rect(0, 0 - 0, 0) topActivityInfo=null launchCookies=[] positionInParent=Point(0, 0) parentTaskId=-1 isFocused=false isVisible=true isVisibleRequested=true isTopActivityNoDisplay=false isSleeping=false locusId=null displayAreaFeatureId=1 isTopActivityTransparent=false isActivityStackTransparent=true lastNonFullscreenBounds=Rect(261, 570 - 819, 1650) capturedLink=null capturedLinkTimestamp=0 requestedVisibleTypes=-9 topActivityRequestOpenInBrowserEducationTimestamp=0 appCompatTaskInfo=AppCompatTaskInfo { topActivityInSizeCompat=false eligibleForLetterboxEducation= false isLetterboxEducationEnabled= false isLetterboxDoubleTapEnabled= false eligibleForUserAspectRatioButton= false topActivityBoundsLetterboxed= false isFromLetterboxDoubleTap= false topActivityLetterboxVerticalPosition= -1 topActivityLetterboxHorizontalPosition= -1 topActivityLetterboxWidth=-1 topActivityLetterboxHeight=-1 topActivityAppBounds=Rect(0, 0 - 0, 0) isUserFullscreenOverrideEnabled=false isSystemFullscreenOverrideEnabled=false hasMinAspectRatioOverride=false topActivityLetterboxBounds=null cameraCompatTaskInfo=CameraCompatTaskInfo { freeformCameraCompatMode=undefined}} topActivityMainWindowFrame=null}, pipChange = null, remoteTransition = null, displayChange = null, flags = 0, debugId = 177 }
09-12 22:25:44.128 I/BpBinder(  507): onLastStrongRef automatically unlinking death recipients: 
09-12 22:25:44.128 D/VRI[NexusLauncherActivity]( 9232): visibilityChanged oldVisibility=false newVisibility=true
09-12 22:25:44.130 W/UsageStatsService( 7319): Unexpected activity event reported! (com.edydhm.buildvault/com.edydhm.buildvault.MainActivity event : 23 instanceId : 112809230)
09-12 22:25:44.130 D/InetDiagMessage( 7319): Destroyed 0 sockets, proto=IPPROTO_TCP, family=AF_INET, states=14
09-12 22:25:44.130 D/InetDiagMessage( 7319): Destroyed 0 sockets, proto=IPPROTO_TCP, family=AF_INET6, states=14
09-12 22:25:44.130 D/InetDiagMessage( 7319): Destroyed live tcp sockets for uids={10222} in 0ms
09-12 22:25:44.130 D/InetDiagMessage( 7319): Destroyed 0 sockets, proto=IPPROTO_TCP, family=AF_INET, states=14
09-12 22:25:44.130 D/InetDiagMessage( 7319): Destroyed 0 sockets, proto=IPPROTO_TCP, family=AF_INET6, states=14
09-12 22:25:44.130 D/InetDiagMessage( 7319): Destroyed live tcp sockets for uids={20222} in 0ms
09-12 22:25:44.130 D/BackgroundInstallControlService( 7319): Package event received: 0
09-12 22:25:44.130 D/BackgroundInstallControlService( 7319): Package event received: 0
09-12 22:25:44.139 I/BpBinder(  507): onLastStrongRef automatically unlinking death recipients: 
09-12 22:25:44.140 D/NexusLauncherModelDelegate( 9232): notifySmartspaceEvent: SmartspaceTargetEvent{mSmartspaceTarget=null, mSmartspaceActionId='null', mEventType=6}
09-12 22:25:44.147 D/WindowManagerShell(11755): setLauncherKeepClearAreaHeight: visible=true, height=480
09-12 22:25:44.147 D/StatsLog( 9232): LAUNCHER_ONRESUME
09-12 22:25:44.149 D/QuickstepModelDelegate( 9232): notifyAppTargetEvent action=1 launchLocation=workspace/1/[-1,-1]/[1,1]
09-12 22:25:44.149 V/WindowManagerShell(11755): onTransitionReady(transaction=31434865645244)
09-12 22:25:44.150 V/WindowManagerShell(11755): onTransitionReady (#177) android.os.BinderProxy@6a6d851: {id=177 t=CLOSE f=0x0 trk=0 r=[0@Point(0, 0)] c=[
09-12 22:25:44.150 V/WindowManagerShell(11755):         {m=TO_FRONT f=SHOW_WALLPAPER|MOVE_TO_TOP leash=Surface(name=Task=1)/@0x1ad89b7 sb=Rect(0, 0 - 1080, 2220) eb=Rect(0, 0 - 1080, 2220) epz=Point(1080, 2220) d=0 taskParent=-1},
09-12 22:25:44.150 V/WindowManagerShell(11755):         {m=CLOSE f=NONE leash=Surface(name=Task=159)/@0x1639524 sb=Rect(0, 0 - 1080, 2220) eb=Rect(0, 0 - 1080, 2220) epz=Point(1080, 2220) d=0 taskParent=-1},
09-12 22:25:44.150 V/WindowManagerShell(11755):         {m=TO_FRONT f=IS_WALLPAPER leash=Surface(name=WallpaperWindowToken{2cb3035 showWhenLocked=false})/@0xcafa88d sb=Rect(0, 0 - 1080, 2220) eb=Rect(0, 0 - 1080, 2220) epz=Point(1080, 2220) d=0}
09-12 22:25:44.150 V/WindowManagerShell(11755):     ]}
09-12 22:25:44.150 V/WindowManagerShell(11755): Playing animation for (#177) android.os.BinderProxy@6a6d851@0
09-12 22:25:44.150 V/ShellRecents(11755): RecentsTransitionHandler.startAnimation: no controller found
09-12 22:25:44.150 V/WindowManagerShell(11755): Transition doesn't have explicit remote, search filters for match for {id=177 t=CLOSE f=0x0 trk=0 r=[0@Point(0, 0)] c=[{m=TO_FRONT f=SHOW_WALLPAPER|MOVE_TO_TOP leash=Surface(name=Task=1)/@0x1ad89b7 sb=Rect(0, 0 - 1080, 2220) eb=Rect(0, 0 - 1080, 2220) epz=Point(1080, 2220) d=0 taskParent=-1},{m=CLOSE f=NONE leash=Surface(name=Task=159)/@0x1639524 sb=Rect(0, 0 - 1080, 2220) eb=Rect(0, 0 - 1080, 2220) epz=Point(1080, 2220) d=0 taskParent=-1},{m=TO_FRONT f=IS_WALLPAPER leash=Surface(name=WallpaperWindowToken{2cb3035 showWhenLocked=false})/@0xcafa88d sb=Rect(0, 0 - 1080, 2220) eb=Rect(0, 0 - 1080, 2220) epz=Point(1080, 2220) d=0}]}
09-12 22:25:44.150 V/WindowManagerShell(11755):  Checking filter Pair{{types=[] flags=0x0] notFlags=0x0 checks=[{atype=undefined independent=true modes=[CLOSE,TO_BACK] flags=IN_TASK_WITH_EMBEDDED_ACTIVITY mustBeTask=false order=ANY topActivity=null launchCookie=null taskFragmentToken=android.os.BinderProxy@f8b01a8 windowingMode=undefined}]} RemoteTransition { remoteTransition = android.window.IRemoteTransition$Stub$Proxy@8a114c1, appThread = android.app.IApplicationThread$Stub$Proxy@f2ed466, debugName = overlayBackTransition }}
09-12 22:25:44.150 V/WindowManagerShell(11755):  Checking filter Pair{{types=[] flags=0x0] notFlags=0x0 checks=[{atype=dream independent=true modes=[OPEN,TO_FRONT] flags=NONE mustBeTask=false order=ANY topActivity=null launchCookie=null windowingMode=undefined},{atype=home independent=true modes=[CLOSE,TO_BACK] flags=NONE mustBeTask=false order=ANY topActivity=null launchCookie=null windowingMode=undefined}]} RemoteTransition { remoteTransition = android.window.IRemoteTransition$Stub$Proxy@88bb3a7, appThread = android.app.IApplicationThread$Stub$Proxy@e629054, debugName = LauncherToDream }}
09-12 22:25:44.150 V/WindowManagerShell(11755):  Checking filter Pair{{types=[] flags=0x0] notFlags=0x100 checks=[{atype=home independent=true modes=[OPEN,TO_FRONT] flags=NONE mustBeTask=false order=TOP topActivity=ComponentInfo{com.google.android.apps.nexuslauncher/com.google.android.apps.nexuslauncher.NexusLauncherActivity} launchCookie=null windowingMode=undefined},{atype=standard independent=true modes=[CLOSE,TO_BACK] flags=NONE mustBeTask=false order=ANY topActivity=null launchCookie=null windowingMode=undefined},{NOT atype=undefined independent=true modes=[] flags=NONE mustBeTask=true order=ANY topActivity=null launchCookie=null customAnim=true windowingMode=undefined}]} RemoteTransition { remoteTransition = android.window.IRemoteTransition$Stub$Proxy@ce93bfd, appThread = android.app.IApplicationThread$Stub$Proxy@243d0f2, debugName = QuickstepLaunchHome }}
09-12 22:25:44.150 D/RemoteTransitionHandler(11755): Found filterPair{{types=[] flags=0x0] notFlags=0x100 checks=[{atype=home independent=true modes=[OPEN,TO_FRONT] flags=NONE mustBeTask=false order=TOP topActivity=ComponentInfo{com.google.android.apps.nexuslauncher/com.google.android.apps.nexuslauncher.NexusLauncherActivity} launchCookie=null windowingMode=undefined},{atype=standard independent=true modes=[CLOSE,TO_BACK] flags=NONE mustBeTask=false order=ANY topActivity=null launchCookie=null windowingMode=undefined},{NOT atype=undefined independent=true modes=[] flags=NONE mustBeTask=true order=ANY topActivity=null launchCookie=null customAnim=true windowingMode=undefined}]} RemoteTransition { remoteTransition = android.window.IRemoteTransition$Stub$Proxy@ce93bfd, appThread = android.app.IApplicationThread$Stub$Proxy@243d0f2, debugName = QuickstepLaunchHome }}
09-12 22:25:44.150 V/WindowManagerShell(11755):  Delegate animation for (#177) to RemoteTransition { remoteTransition = android.window.IRemoteTransition$Stub$Proxy@ce93bfd, appThread = android.app.IApplicationThread$Stub$Proxy@243d0f2, debugName = QuickstepLaunchHome }
09-12 22:25:44.152 D/StateManager( 9232): createAtomicAnimation - fromState: Background, toState: Normal, partial trace:
09-12 22:25:44.152 D/StateManager( 9232): 	at com.android.quickstep.util.WorkspaceRevealAnim.prepareToAnimate(go/retraceme 72a59688580715d19f0e415c69e80376c2f062d1648c80db6730905005a27c20:22)
09-12 22:25:44.152 D/StateManager( 9232): 	at com.android.quickstep.util.WorkspaceRevealAnim.<init>(go/retraceme 72a59688580715d19f0e415c69e80376c2f062d1648c80db6730905005a27c20:11)
09-12 22:25:44.152 D/StateManager( 9232): 	at com.android.launcher3.QuickstepTransitionManager.createWallpaperOpenAnimations(go/retraceme 72a59688580715d19f0e415c69e80376c2f062d1648c80db6730905005a27c20:339)
09-12 22:25:44.152 D/b/311077782( 9232): LauncherAnimationRunner.setAnimation
09-12 22:25:44.153 V/WindowManager( 7319): Sent Transition (#177) createdAt=09-12 22:25:44.127 via request=TransitionRequestInfo { type = CLOSE, triggerTask = TaskInfo{userId=0 taskId=159 effectiveUid=10222 displayId=0 isRunning=false baseIntent=Intent { act=android.intent.action.VIEW dat=exp+buildvault://expo-development-client/... flg=0x10000000 cmp=com.edydhm.buildvault/.MainActivity } baseActivity=null topActivity=null origActivity=null realActivity=ComponentInfo{com.edydhm.buildvault/com.edydhm.buildvault.MainActivity} numActivities=0 lastActiveTime=24887416 supportsMultiWindow=true resizeMode=1 isResizeable=true minWidth=-1 minHeight=-1 defaultMinSize=220 token=WCT{RemoteToken{73a58c3 Task{fc80f09 #159 type=standard A=10222:com.edydhm.buildvault}}} topActivityType=1 pictureInPictureParams=null shouldDockBigOverlays=false launchIntoPipHostTaskId=-1 lastParentTaskIdBeforePip=-1 displayCutoutSafeInsets=Rect(0, 0 - 0, 0) topActivityInfo=null launchCookies=[] positionInParent=Point(0, 0) parentTaskId=-1 isFocused=false isVisible=true isVisibleRequested=true isTopActivityNoDisplay=false isSleeping=false locusId=null displayAreaFeatureId=1 isTopActivityTransparent=false isActivityStackTransparent=true lastNonFullscreenBounds=Rect(261, 570 - 819, 1650) capturedLink=null capturedLinkTimestamp=0 requestedVisibleTypes=-9 topActivityRequestOpenInBrowserEducationTimestamp=0 appCompatTaskInfo=AppCompatTaskInfo { topActivityInSizeCompat=false eligibleForLetterboxEducation= false isLetterboxEducationEnabled= false isLetterboxDoubleTapEnabled= false eligibleForUserAspectRatioButton= false topActivityBoundsLetterboxed= false isFromLetterboxDoubleTap= false topActivityLetterboxVerticalPosition= -1 topActivityLetterboxHorizontalPosition= -1 topActivityLetterboxWidth=-1 topActivityLetterboxHeight=-1 topActivityAppBounds=Rect(0, 0 - 0, 0) isUserFullscreenOverrideEnabled=false isSystemFullscreenOverrideEnabled=false hasMinAspectRatioOverride=false topActivityLetterboxBounds=null cameraCompatTaskInfo=CameraCompatTaskInfo { freeformCameraCompatMode=undefined}} topActivityMainWindowFrame=null}, pipChange = null, remoteTransition = null, displayChange = null, flags = 0, debugId = 177 }
09-12 22:25:44.153 V/WindowManager( 7319):     startWCT=WindowContainerTransaction { changes= {} hops= [] errorCallbackToken=null taskFragmentOrganizer=null }
09-12 22:25:44.153 V/WindowManager( 7319):     info={id=177 t=CLOSE f=0x0 trk=0 r=[0@Point(0, 0)] c=[
09-12 22:25:44.153 V/WindowManager( 7319):         {WCT{RemoteToken{d2cb46f Task{572d04c #1 type=home}}} m=TO_FRONT f=SHOW_WALLPAPER|MOVE_TO_TOP leash=Surface(name=Task=1)/@0xd949f3a sb=Rect(0, 0 - 1080, 2220) eb=Rect(0, 0 - 1080, 2220) epz=Point(1080, 2220) d=0 taskParent=-1},
09-12 22:25:44.153 V/WindowManager( 7319):         {WCT{RemoteToken{73a58c3 Task{fc80f09 #159 type=standard A=10222:com.edydhm.buildvault}}} m=CLOSE f=NONE leash=Surface(name=Task=159)/@0x46bd127 sb=Rect(0, 0 - 1080, 2220) eb=Rect(0, 0 - 1080, 2220) epz=Point(1080, 2220) d=0 taskParent=-1},
09-12 22:25:44.153 V/WindowManager( 7319):         {m=TO_FRONT f=IS_WALLPAPER leash=Surface(name=WallpaperWindowToken{2cb3035 showWhenLocked=false})/@0x4fbade4 sb=Rect(0, 0 - 1080, 2220) eb=Rect(0, 0 - 1080, 2220) epz=Point(1080, 2220) d=0}
09-12 22:25:44.153 V/WindowManager( 7319):     ]}
09-12 22:25:44.154 V/WindowManagerShell(11755):  animated by com.android.wm.shell.transition.RemoteTransitionHandler@3a22269
09-12 22:25:44.160 E/FrameEvents( 9232): addRelease: Did not find frame.
09-12 22:25:44.161 W/IPCThreadState( 6961): Sending oneway calls to frozen process.
09-12 22:25:44.161 W/IPCThreadState( 6961): Sending oneway calls to frozen process.
09-12 22:25:44.161 W/IPCThreadState( 6961): Sending oneway calls to frozen process.
09-12 22:25:44.161 W/IPCThreadState( 6961): Sending oneway calls to frozen process.
09-12 22:25:44.161 I/ImeTracker( 7319): com.google.android.apps.nexuslauncher:128d9242: onRequestHide at ORIGIN_SERVER reason HIDE_SAME_WINDOW_FOCUSED_WITHOUT_EDITOR fromUser false
09-12 22:25:44.161 D/InsetsController( 9232): hide(ime(), fromIme=false)
09-12 22:25:44.161 I/ImeTracker( 9232): com.google.android.apps.nexuslauncher:128d9242: onCancelled at PHASE_CLIENT_ALREADY_HIDDEN
09-12 22:25:44.162 I/GoogleInputMethodService(10528): GoogleInputMethodService.onFinishInput():2054 
09-12 22:25:44.163 I/Module  (10528): DeviceLockedStatusModuleProvider$Module.updateDeviceLockedStatus():100 repeatCheckTimes = 0, locked = false
09-12 22:25:44.163 I/GoogleInputMethodService(10528): GoogleInputMethodService.onStartInput():1315 onStartInput(EditorInfo{EditorInfo{packageName=com.google.android.apps.nexuslauncher, inputType=0, inputTypeString=NULL, enableLearning=false, autoCorrection=false, autoComplete=false, imeOptions=0, privateImeOptions=null, actionName=UNSPECIFIED, actionLabel=null, initialSelStart=-1, initialSelEnd=-1, initialCapsMode=0, label=null, fieldId=0, fieldName=null, extras=null, hintText=null, hintLocales=[]}}, false)
09-12 22:25:44.163 I/AiAiEcho( 9324): Predicting[0]:  [CONTEXT sampling_count=5 ]
09-12 22:25:44.163 I/AiAiEcho( 9324): EchoTargets: 
09-12 22:25:44.163 I/AiAiEcho( 9324): Filtered by AiAi flag check: 
09-12 22:25:44.163 I/AiAiEcho( 9324): [CONTEXT ratelimit_period="10 SECONDS" ]
09-12 22:25:44.163 I/AiAiEcho( 9324): #remoteViewsTwiddler: feature disabled.
09-12 22:25:44.164 I/Module  (10528): DeviceLockedStatusModuleProvider$Module.updateDeviceLockedStatus():100 repeatCheckTimes = 1, locked = false
09-12 22:25:44.164 I/AiAiEcho( 9324): #postPredictionTargets: Sending updates to UISurface home with targets# 0 (types=[])
09-12 22:25:44.164 W/PackageConfigPersister( 7319): App-specific configuration not found for packageName: com.google.android.apps.nexuslauncher and userId: 0
09-12 22:25:44.173 E/SurfaceFlinger(  507): Out of order buffers detected for RequestedLayerState{com.google.android.apps.nexuslauncher/com.google.android.apps.nexuslauncher.NexusLauncherActivity#1954 parentId=508} producedId=47 frameNumber=167 -> producedId=47 frameNumber=2
09-12 22:25:44.174 D/SsBaseTemplateCard( 9232): No text view can be set up
09-12 22:25:44.174 W/WindowOnBackDispatcher(11755): sendCancelIfRunning: isInProgress=false callback=android.view.ViewRootImpl$$ExternalSyntheticLambda13@c94e6cf
09-12 22:25:44.174 D/SsBaseTemplateCard( 9232): Passed-in item info is null
09-12 22:25:44.174 D/SsBaseTemplateCard( 9232): Passed-in item info is null
09-12 22:25:44.174 D/SsBaseTemplateCard( 9232): Passed-in item info is null
09-12 22:25:44.174 I/SsBaseTemplateCard( 9232): Secondary card pane is null
09-12 22:25:44.175 W/WindowManager( 7319): Failed looking up window session=Session{d0e7123 11755:u0a10187} callers=com.android.server.wm.WindowManagerService.windowForClientLocked:6410 com.android.server.wm.Session.setOnBackInvokedCallbackInfo:1002 android.view.IWindowSession$Stub.onTransact:1156 
09-12 22:25:44.175 I/WindowManager( 7319): setOnBackInvokedCallback(): No window state for package:com.android.systemui
09-12 22:25:44.190 E/SurfaceFlinger(  507): Out of order buffers detected for RequestedLayerState{com.google.android.apps.nexuslauncher/com.google.android.apps.nexuslauncher.NexusLauncherActivity#1954 parentId=508} producedId=47 frameNumber=167 -> producedId=47 frameNumber=3
09-12 22:25:44.206 E/SurfaceFlinger(  507): Out of order buffers detected for RequestedLayerState{com.google.android.apps.nexuslauncher/com.google.android.apps.nexuslauncher.NexusLauncherActivity#1954 parentId=508} producedId=47 frameNumber=167 -> producedId=47 frameNumber=4
09-12 22:25:44.223 E/SurfaceFlinger(  507): Out of order buffers detected for RequestedLayerState{com.google.android.apps.nexuslauncher/com.google.android.apps.nexuslauncher.NexusLauncherActivity#1954 parentId=508} producedId=47 frameNumber=167 -> producedId=47 frameNumber=5
09-12 22:25:44.239 E/SurfaceFlinger(  507): Out of order buffers detected for RequestedLayerState{com.google.android.apps.nexuslauncher/com.google.android.apps.nexuslauncher.NexusLauncherActivity#1954 parentId=508} producedId=47 frameNumber=167 -> producedId=47 frameNumber=6
09-12 22:25:44.256 E/SurfaceFlinger(  507): Out of order buffers detected for RequestedLayerState{com.google.android.apps.nexuslauncher/com.google.android.apps.nexuslauncher.NexusLauncherActivity#1954 parentId=508} producedId=47 frameNumber=167 -> producedId=47 frameNumber=7
09-12 22:25:44.273 E/SurfaceFlinger(  507): Out of order buffers detected for RequestedLayerState{com.google.android.apps.nexuslauncher/com.google.android.apps.nexuslauncher.NexusLauncherActivity#1954 parentId=508} producedId=47 frameNumber=167 -> producedId=47 frameNumber=8
09-12 22:25:44.289 E/SurfaceFlinger(  507): Out of order buffers detected for RequestedLayerState{com.google.android.apps.nexuslauncher/com.google.android.apps.nexuslauncher.NexusLauncherActivity#1954 parentId=508} producedId=47 frameNumber=167 -> producedId=47 frameNumber=9
09-12 22:25:44.306 E/SurfaceFlinger(  507): Out of order buffers detected for RequestedLayerState{com.google.android.apps.nexuslauncher/com.google.android.apps.nexuslauncher.NexusLauncherActivity#1954 parentId=508} producedId=47 frameNumber=167 -> producedId=47 frameNumber=10
09-12 22:25:44.323 E/SurfaceFlinger(  507): Out of order buffers detected for RequestedLayerState{com.google.android.apps.nexuslauncher/com.google.android.apps.nexuslauncher.NexusLauncherActivity#1954 parentId=508} producedId=47 frameNumber=167 -> producedId=47 frameNumber=11
09-12 22:25:44.342 E/SurfaceFlinger(  507): Out of order buffers detected for RequestedLayerState{com.google.android.apps.nexuslauncher/com.google.android.apps.nexuslauncher.NexusLauncherActivity#1954 parentId=508} producedId=47 frameNumber=167 -> producedId=47 frameNumber=12
09-12 22:25:44.356 E/SurfaceFlinger(  507): Out of order buffers detected for RequestedLayerState{com.google.android.apps.nexuslauncher/com.google.android.apps.nexuslauncher.NexusLauncherActivity#1954 parentId=508} producedId=47 frameNumber=167 -> producedId=47 frameNumber=13
09-12 22:25:44.373 E/SurfaceFlinger(  507): Out of order buffers detected for RequestedLayerState{com.google.android.apps.nexuslauncher/com.google.android.apps.nexuslauncher.NexusLauncherActivity#1954 parentId=508} producedId=47 frameNumber=167 -> producedId=47 frameNumber=14
09-12 22:25:44.390 E/SurfaceFlinger(  507): Out of order buffers detected for RequestedLayerState{com.google.android.apps.nexuslauncher/com.google.android.apps.nexuslauncher.NexusLauncherActivity#1954 parentId=508} producedId=47 frameNumber=167 -> producedId=47 frameNumber=15
09-12 22:25:44.407 E/SurfaceFlinger(  507): Out of order buffers detected for RequestedLayerState{com.google.android.apps.nexuslauncher/com.google.android.apps.nexuslauncher.NexusLauncherActivity#1954 parentId=508} producedId=47 frameNumber=167 -> producedId=47 frameNumber=16
09-12 22:25:44.423 E/SurfaceFlinger(  507): Out of order buffers detected for RequestedLayerState{com.google.android.apps.nexuslauncher/com.google.android.apps.nexuslauncher.NexusLauncherActivity#1954 parentId=508} producedId=47 frameNumber=167 -> producedId=47 frameNumber=17
09-12 22:25:44.439 E/SurfaceFlinger(  507): Out of order buffers detected for RequestedLayerState{com.google.android.apps.nexuslauncher/com.google.android.apps.nexuslauncher.NexusLauncherActivity#1954 parentId=508} producedId=47 frameNumber=167 -> producedId=47 frameNumber=18
09-12 22:25:44.456 E/SurfaceFlinger(  507): Out of order buffers detected for RequestedLayerState{com.google.android.apps.nexuslauncher/com.google.android.apps.nexuslauncher.NexusLauncherActivity#1954 parentId=508} producedId=47 frameNumber=167 -> producedId=47 frameNumber=19
09-12 22:25:44.473 E/SurfaceFlinger(  507): Out of order buffers detected for RequestedLayerState{com.google.android.apps.nexuslauncher/com.google.android.apps.nexuslauncher.NexusLauncherActivity#1954 parentId=508} producedId=47 frameNumber=167 -> producedId=47 frameNumber=20
09-12 22:25:44.490 E/SurfaceFlinger(  507): Out of order buffers detected for RequestedLayerState{com.google.android.apps.nexuslauncher/com.google.android.apps.nexuslauncher.NexusLauncherActivity#1954 parentId=508} producedId=47 frameNumber=167 -> producedId=47 frameNumber=21
09-12 22:25:44.490 D/WorkspaceRevealAnim( 9232): onAnimationEnd: workspace alpha = 1.0
09-12 22:25:44.491 V/WindowManagerShell(11755): Transition animation finished (aborted=false), notifying core (#177) android.os.BinderProxy@6a6d851@0
09-12 22:25:44.492 V/WindowManager( 7319): Finish Transition (#177): created at 09-12 22:25:44.127 collect-started=0.025ms request-sent=0.178ms started=2.273ms ready=20.418ms sent=22.074ms commit=7.895ms finished=365.025ms
09-12 22:25:44.493 V/WindowManagerShell(11755): Track 0 became idle
09-12 22:25:44.493 V/WindowManagerShell(11755): All active transition animations finished
09-12 22:25:44.494 D/RecentsView( 9232): onTaskRemoved: 159, not handling task stack changes
09-12 22:25:44.494 D/RecentsView( 9232): onTaskRemoved: 159, not handling task stack changes
09-12 22:25:44.495 I/EGL_emulation( 7319): Opening libGLESv1_CM_emulation.so
09-12 22:25:44.497 I/EGL_emulation( 7319): Opening libGLESv2_emulation.so
09-12 22:25:44.499 W/HWUI    ( 7319): Failed to choose config with EGL_SWAP_BEHAVIOR_PRESERVED, retrying without...
09-12 22:25:44.499 W/HWUI    ( 7319): Failed to initialize 101010-2 format, error = EGL_SUCCESS
09-12 22:25:44.506 E/SurfaceFlinger(  507): Out of order buffers detected for RequestedLayerState{com.google.android.apps.nexuslauncher/com.google.android.apps.nexuslauncher.NexusLauncherActivity#1954 parentId=508} producedId=47 frameNumber=167 -> producedId=47 frameNumber=22
09-12 22:25:45.665 W/dumpsys (23038): Thread Pool max thread count is 0. Cannot cache binder as linkToDeath cannot be implemented. serviceName: package
09-12 22:25:45.681 I/artd    (14787): GetBestInfo: odex next to the dex file (/data/app/~~vmsA-OgFwVNUkimSkzitRA==/com.google.android.gms-N697t_Q1PvDagCWcLUOOhg==/oat/arm64/base.odex) is kOatUpToDate with filter 'speed-profile' executable 'false'
